
> lenstrack@0.1.0 build
> prisma generate && next build

Environment variables loaded from .env
Prisma schema loaded from prisma/schema.prisma

✔ Generated Prisma Client (v5.22.0) to ./node_modules/@prisma/client in 136ms

Start by importing your Prisma Client (See: https://pris.ly/d/importing-client)

Help us improve the Prisma ORM for everyone. Share your feedback in a short 2-min survey: https://pris.ly/orm/survey/release-5-22

   ▲ Next.js 16.0.7 (Turbopack)
   - Environments: .env

   Creating an optimized production build ...
 ✓ Compiled successfully in 3.2s
   Running TypeScript ...
Failed to compile.

./app/(auth)/login/page.tsx:46:57
Type error: JSX elements cannot have multiple attributes with the same name.

[0m [90m 44 |[39m           [33m<[39m[33mdiv[39m className[33m=[39m[32m"flex items-center gap-2 sm:gap-3 mb-6 sm:mb-8"[39m[33m>[39m
 [90m 45 |[39m             [33m<[39m[33mdiv[39m className[33m=[39m[32m"w-10 h-10 sm:w-12 sm:h-12 bg-gradient-to-br from-blue-500 to-purple-600 rounded-xl flex items-center justify-center shadow-lg"[39m[33m>[39m
[31m[1m>[22m[39m[90m 46 |[39m               [33m<[39m[33mGlasses[39m className[33m=[39m[32m"text-white"[39m size[33m=[39m{[35m24[39m} className[33m=[39m[32m"sm:w-7 sm:h-7"[39m [33m/[39m[33m>[39m
 [90m    |[39m                                                         [31m[1m^[22m[39m
 [90m 47 |[39m             [33m<[39m[33m/[39m[33mdiv[39m[33m>[39m
 [90m 48 |[39m             [33m<[39m[33mdiv[39m[33m>[39m
 [90m 49 |[39m               [33m<[39m[33mh1[39m className[33m=[39m[32m"text-xl sm:text-2xl font-bold text-slate-900"[39m[33m>[39m[33mLensTrack[39m[33m<[39m[33m/[39m[33mh1[39m[33m>[39m[0m
Next.js build worker exited with code: 1 and signal: null
